
> peerskills-server@1.0.0 dev
> node --watch index.js

(node:805) Warning: SECURITY WARNING: The SSL modes 'prefer', 'require', and 'verify-ca' are treated as aliases for 'verify-full'.
In the next major version (pg-connection-string v3.0.0 and pg v9.0.0), these modes will adopt standard libpq semantics, which have weaker security guarantees.

To prepare for this change:
- If you want the current behavior, explicitly use 'sslmode=verify-full'
- If you want libpq compatibility now, use 'uselibpqcompat=true&sslmode=require'

See https://www.postgresql.org/docs/current/libpq-ssl.html for libpq SSL mode definitions.
(Use `node --trace-warnings ...` to show where the warning was created)
PeerSkills Server läuft auf http://localhost:3001
✗ Database connection failed: Error: Connection terminated due to connection timeout
    at /Users/simonschneider/Booking/server/node_modules/pg-pool/index.js:45:11
    at process.processTicksAndRejections (node:internal/process/task_queues:104:5)
    at async initDb (/Users/simonschneider/Booking/server/db/database.js:26:20) {
  [cause]: Error: Connection terminated unexpectedly
      at Connection.<anonymous> (/Users/simonschneider/Booking/server/node_modules/pg/lib/client.js:180:73)
      at Object.onceWrapper (node:events:630:28)
      at Connection.emit (node:events:509:28)
      at Socket.<anonymous> (/Users/simonschneider/Booking/server/node_modules/pg/lib/connection.js:61:12)
      at Socket.emit (node:events:509:28)
      at TCP.<anonymous> (node:net:350:12)
}
node:internal/process/promises:394
    triggerUncaughtException(err, true /* fromPromise */);
    ^

Error: Connection terminated due to connection timeout
    at /Users/simonschneider/Booking/server/node_modules/pg-pool/index.js:45:11
    at process.processTicksAndRejections (node:internal/process/task_queues:104:5)
    at async initDb (/Users/simonschneider/Booking/server/db/database.js:26:20) {
  [cause]: Error: Connection terminated unexpectedly
      at Connection.<anonymous> (/Users/simonschneider/Booking/server/node_modules/pg/lib/client.js:180:73)
      at Object.onceWrapper (node:events:630:28)
      at Connection.emit (node:events:509:28)
      at Socket.<anonymous> (/Users/simonschneider/Booking/server/node_modules/pg/lib/connection.js:61:12)
      at Socket.emit (node:events:509:28)
      at TCP.<anonymous> (node:net:350:12)
}

Node.js v24.15.0
Failed running 'index.js'. Waiting for file changes before restarting...
Restarting 'index.js'
(node:13190) Warning: SECURITY WARNING: The SSL modes 'prefer', 'require', and 'verify-ca' are treated as aliases for 'verify-full'.
In the next major version (pg-connection-string v3.0.0 and pg v9.0.0), these modes will adopt standard libpq semantics, which have weaker security guarantees.

To prepare for this change:
- If you want the current behavior, explicitly use 'sslmode=verify-full'
- If you want libpq compatibility now, use 'uselibpqcompat=true&sslmode=require'

See https://www.postgresql.org/docs/current/libpq-ssl.html for libpq SSL mode definitions.
(Use `node --trace-warnings ...` to show where the warning was created)
PeerSkills Server läuft auf http://localhost:3001
⚠ Database connection failed: Connection terminated due to connection timeout
✗ Schema initialization failed: Error: Connection terminated due to connection timeout
    at /Users/simonschneider/Booking/server/node_modules/pg-pool/index.js:45:11
    at process.processTicksAndRejections (node:internal/process/task_queues:104:5)
    at async initDb (/Users/simonschneider/Booking/server/db/database.js:43:7) {
  [cause]: Error: Connection terminated unexpectedly
      at Connection.<anonymous> (/Users/simonschneider/Booking/server/node_modules/pg/lib/client.js:180:73)
      at Object.onceWrapper (node:events:630:28)
      at Connection.emit (node:events:509:28)
      at Socket.<anonymous> (/Users/simonschneider/Booking/server/node_modules/pg/lib/connection.js:61:12)
      at Socket.emit (node:events:509:28)
      at TCP.<anonymous> (node:net:350:12)
}
node:internal/process/promises:394
    triggerUncaughtException(err, true /* fromPromise */);
    ^

Error: Connection terminated due to connection timeout
    at /Users/simonschneider/Booking/server/node_modules/pg-pool/index.js:45:11
    at process.processTicksAndRejections (node:internal/process/task_queues:104:5)
    at async initDb (/Users/simonschneider/Booking/server/db/database.js:43:7) {
  [cause]: Error: Connection terminated unexpectedly
      at Connection.<anonymous> (/Users/simonschneider/Booking/server/node_modules/pg/lib/client.js:180:73)
      at Object.onceWrapper (node:events:630:28)
      at Connection.emit (node:events:509:28)
      at Socket.<anonymous> (/Users/simonschneider/Booking/server/node_modules/pg/lib/connection.js:61:12)
      at Socket.emit (node:events:509:28)
      at TCP.<anonymous> (node:net:350:12)
}

Node.js v24.15.0
Failed running 'index.js'. Waiting for file changes before restarting...
Restarting 'index.js'
(node:13204) Warning: SECURITY WARNING: The SSL modes 'prefer', 'require', and 'verify-ca' are treated as aliases for 'verify-full'.
In the next major version (pg-connection-string v3.0.0 and pg v9.0.0), these modes will adopt standard libpq semantics, which have weaker security guarantees.

To prepare for this change:
- If you want the current behavior, explicitly use 'sslmode=verify-full'
- If you want libpq compatibility now, use 'uselibpqcompat=true&sslmode=require'

See https://www.postgresql.org/docs/current/libpq-ssl.html for libpq SSL mode definitions.
(Use `node --trace-warnings ...` to show where the warning was created)
PeerSkills Server läuft auf http://localhost:3001
Restarting 'index.js'
(node:13210) Warning: SECURITY WARNING: The SSL modes 'prefer', 'require', and 'verify-ca' are treated as aliases for 'verify-full'.
In the next major version (pg-connection-string v3.0.0 and pg v9.0.0), these modes will adopt standard libpq semantics, which have weaker security guarantees.

To prepare for this change:
- If you want the current behavior, explicitly use 'sslmode=verify-full'
- If you want libpq compatibility now, use 'uselibpqcompat=true&sslmode=require'

See https://www.postgresql.org/docs/current/libpq-ssl.html for libpq SSL mode definitions.
(Use `node --trace-warnings ...` to show where the warning was created)
PeerSkills Server läuft auf http://localhost:3001
⚠ Database connection failed: Connection terminated due to connection timeout
⚠ Schema/Migration error: Connection terminated due to connection timeout
Restarting 'index.js'
(node:23988) Warning: SECURITY WARNING: The SSL modes 'prefer', 'require', and 'verify-ca' are treated as aliases for 'verify-full'.
In the next major version (pg-connection-string v3.0.0 and pg v9.0.0), these modes will adopt standard libpq semantics, which have weaker security guarantees.

To prepare for this change:
- If you want the current behavior, explicitly use 'sslmode=verify-full'
- If you want libpq compatibility now, use 'uselibpqcompat=true&sslmode=require'

See https://www.postgresql.org/docs/current/libpq-ssl.html for libpq SSL mode definitions.
(Use `node --trace-warnings ...` to show where the warning was created)
PeerSkills Server läuft auf http://localhost:3001
⚠ Database connection failed: Connection terminated due to connection timeout
⚠ Schema/Migration error: Connection terminated due to connection timeout
Restarting 'index.js'
(node:24000) Warning: SECURITY WARNING: The SSL modes 'prefer', 'require', and 'verify-ca' are treated as aliases for 'verify-full'.
In the next major version (pg-connection-string v3.0.0 and pg v9.0.0), these modes will adopt standard libpq semantics, which have weaker security guarantees.

To prepare for this change:
- If you want the current behavior, explicitly use 'sslmode=verify-full'
- If you want libpq compatibility now, use 'uselibpqcompat=true&sslmode=require'

See https://www.postgresql.org/docs/current/libpq-ssl.html for libpq SSL mode definitions.
(Use `node --trace-warnings ...` to show where the warning was created)
PeerSkills Server läuft auf http://localhost:3001
⚠ Schema/Migration error: Connection terminated due to connection timeout
⚠ Database connection failed: Connection terminated due to connection timeout
Restarting 'index.js'
(node:24094) Warning: SECURITY WARNING: The SSL modes 'prefer', 'require', and 'verify-ca' are treated as aliases for 'verify-full'.
In the next major version (pg-connection-string v3.0.0 and pg v9.0.0), these modes will adopt standard libpq semantics, which have weaker security guarantees.

To prepare for this change:
- If you want the current behavior, explicitly use 'sslmode=verify-full'
- If you want libpq compatibility now, use 'uselibpqcompat=true&sslmode=require'

See https://www.postgresql.org/docs/current/libpq-ssl.html for libpq SSL mode definitions.
(Use `node --trace-warnings ...` to show where the warning was created)
PeerSkills Server läuft auf http://localhost:3001
⚠ Schema/Migration error: Connection terminated due to connection timeout
⚠ Database connection failed: Connection terminated due to connection timeout
Restarting 'index.js'
Database pool initialized
(node:24102) Warning: SECURITY WARNING: The SSL modes 'prefer', 'require', and 'verify-ca' are treated as aliases for 'verify-full'.
In the next major version (pg-connection-string v3.0.0 and pg v9.0.0), these modes will adopt standard libpq semantics, which have weaker security guarantees.

To prepare for this change:
- If you want the current behavior, explicitly use 'sslmode=verify-full'
- If you want libpq compatibility now, use 'uselibpqcompat=true&sslmode=require'

See https://www.postgresql.org/docs/current/libpq-ssl.html for libpq SSL mode definitions.
(Use `node --trace-warnings ...` to show where the warning was created)
PeerSkills Server läuft auf http://localhost:3001
⚠ Database error: Connection terminated due to connection timeout
Restarting 'index.js'
Starting PeerSkills Server...
Port: 3001
DATABASE_URL: configured
Database pool initialized
(node:24253) Warning: SECURITY WARNING: The SSL modes 'prefer', 'require', and 'verify-ca' are treated as aliases for 'verify-full'.
In the next major version (pg-connection-string v3.0.0 and pg v9.0.0), these modes will adopt standard libpq semantics, which have weaker security guarantees.

To prepare for this change:
- If you want the current behavior, explicitly use 'sslmode=verify-full'
- If you want libpq compatibility now, use 'uselibpqcompat=true&sslmode=require'

See https://www.postgresql.org/docs/current/libpq-ssl.html for libpq SSL mode definitions.
(Use `node --trace-warnings ...` to show where the warning was created)
PeerSkills Server läuft auf http://localhost:3001
⚠ Database error: Connection terminated due to connection timeout
Restarting 'index.js'
=== Starting PeerSkills Server ===
✓ dotenv loaded
Loading dependencies...
Loading database module...
✓ Database module loaded
Port: 3001
Database: configured
=== Setup complete ===
Database pool initialized
(node:24890) Warning: SECURITY WARNING: The SSL modes 'prefer', 'require', and 'verify-ca' are treated as aliases for 'verify-full'.
In the next major version (pg-connection-string v3.0.0 and pg v9.0.0), these modes will adopt standard libpq semantics, which have weaker security guarantees.

To prepare for this change:
- If you want the current behavior, explicitly use 'sslmode=verify-full'
- If you want libpq compatibility now, use 'uselibpqcompat=true&sslmode=require'

See https://www.postgresql.org/docs/current/libpq-ssl.html for libpq SSL mode definitions.
(Use `node --trace-warnings ...` to show where the warning was created)
PeerSkills Server läuft auf http://localhost:3001
⚠ Database error: Connection terminated due to connection timeout
Restarting 'index.js'
=== Starting PeerSkills Server ===
✓ dotenv loaded
Loading dependencies...
Loading database module...
✓ Database module loaded
Port: 3001
Database: configured
=== Setup complete ===
Frontend path: /Users/simonschneider/Booking/peer-skills-lab-kurse/dist
Frontend exists: true
✓ Serving frontend from /Users/simonschneider/Booking/peer-skills-lab-kurse/dist
Database pool initialized
(node:25813) Warning: SECURITY WARNING: The SSL modes 'prefer', 'require', and 'verify-ca' are treated as aliases for 'verify-full'.
In the next major version (pg-connection-string v3.0.0 and pg v9.0.0), these modes will adopt standard libpq semantics, which have weaker security guarantees.

To prepare for this change:
- If you want the current behavior, explicitly use 'sslmode=verify-full'
- If you want libpq compatibility now, use 'uselibpqcompat=true&sslmode=require'

See https://www.postgresql.org/docs/current/libpq-ssl.html for libpq SSL mode definitions.
(Use `node --trace-warnings ...` to show where the warning was created)
PeerSkills Server läuft auf http://localhost:3001
⚠ Database error: Connection terminated due to connection timeout
Restarting 'index.js'
=== Starting PeerSkills Server ===
✓ dotenv loaded
Loading dependencies...
Loading database module...
✓ Database module loaded
Port: 3001
Database: configured
=== Setup complete ===
Frontend path: /Users/simonschneider/Booking/server/public
Frontend exists: false
⚠ Frontend not found at /Users/simonschneider/Booking/server/public
Database pool initialized
(node:26007) Warning: SECURITY WARNING: The SSL modes 'prefer', 'require', and 'verify-ca' are treated as aliases for 'verify-full'.
In the next major version (pg-connection-string v3.0.0 and pg v9.0.0), these modes will adopt standard libpq semantics, which have weaker security guarantees.

To prepare for this change:
- If you want the current behavior, explicitly use 'sslmode=verify-full'
- If you want libpq compatibility now, use 'uselibpqcompat=true&sslmode=require'

See https://www.postgresql.org/docs/current/libpq-ssl.html for libpq SSL mode definitions.
(Use `node --trace-warnings ...` to show where the warning was created)
PeerSkills Server läuft auf http://localhost:3001
⚠ Database error: Connection terminated due to connection timeout
